// Jest Snapshot v1, https://goo.gl/fbAQLP

exports[`renders the heading 1`] = `
<div
  className="mainContainer"
  id="main-app"
>
  <header
    className="header"
  >
    <a
      className="logo"
      href="/"
      title="Formula 1 winners application"
    >
      <img
        alt="Logo"
        className="logoImage"
        src="test-file-stub"
      />
      <span
        className="logoText"
      >
        F1 standings application
      </span>
    </a>
  </header>
  <div
    className="container"
  >
    <div
      className="seasonsSelector"
    >
      <h1>
        Selected season: 
        2009
      </h1>
      <form
        onChange={[Function]}
      >
        <select
          name="years"
        >
          <option
            value={2009}
          >
            2009
          </option>
          <option
            value={2010}
          >
            2010
          </option>
          <option
            value={2011}
          >
            2011
          </option>
          <option
            value={2012}
          >
            2012
          </option>
          <option
            value={2013}
          >
            2013
          </option>
          <option
            value={2014}
          >
            2014
          </option>
          <option
            value={2015}
          >
            2015
          </option>
          <option
            value={2016}
          >
            2016
          </option>
          <option
            value={2017}
          >
            2017
          </option>
          <option
            value={2018}
          >
            2018
          </option>
        </select>
      </form>
    </div>
    <div
      className="seasons"
    />
  </div>
  <footer
    className="footer"
  >
    Â© 2018 Pavel Klochkov
  </footer>
</div>
`;
